<html>
<body>
<pre>
<h1>µVision Build Log</h1>
<h2>Tool Versions:</h2>
IDE-Version: ¦ÌVision V5.36.0.0
Copyright (C) 2021 ARM Ltd and ARM Germany GmbH. All rights reserved.
License Information: kele jiabing, 123, LIC=PE7DL-0051Q-8T63P-MKULM-ARN72-I2XLI
 
Tool Versions:
Toolchain:       MDK-ARM Plus  Version: 5.36.0.0
Toolchain Path:  D:\software\Keil_v5\ARM\ARMCC\Bin
C Compiler:      Armcc.exe V5.06 update 7 (build 960)
Assembler:       Armasm.exe V5.06 update 7 (build 960)
Linker/Locator:  ArmLink.exe V5.06 update 7 (build 960)
Library Manager: ArmAr.exe V5.06 update 7 (build 960)
Hex Converter:   FromElf.exe V5.06 update 7 (build 960)
CPU DLL:         SARMCM3.DLL V5.36.0.0
Dialog DLL:      DCM.DLL V1.17.3.0
Target DLL:      STLink\ST-LINKIII-KEIL_SWO.dll V3.0.9.0
Dialog DLL:      TCM.DLL V1.53.0.0
 
<h2>Project:</h2>
D:\STM32project\STM32CubeMXProject\BalanceCar\MDK-ARM\BalanceCar.uvprojx
Project File Date:  09/19/2026

<h2>Output:</h2>
*** Using Compiler 'V5.06 update 7 (build 960)', folder: 'D:\software\Keil_v5\ARM\ARMCC\Bin'
Rebuild target 'BalanceCar'
assembling startup_stm32f103xb.s...
compiling i2c.c...
compiling stm32f1xx_hal_msp.c...
compiling gpio.c...
compiling usart.c...
compiling tim.c...
compiling stm32f1xx_it.c...
compiling stm32f1xx_hal.c...
compiling main.c...
compiling stm32f1xx_hal_tim_ex.c...
compiling stm32f1xx_hal_rcc_ex.c...
compiling spi.c...
compiling freertos.c...
compiling stm32f1xx_hal_timebase_tim.c...
compiling stm32f1xx_hal_gpio_ex.c...
compiling stm32f1xx_hal_rcc.c...
compiling croutine.c...
compiling event_groups.c...
compiling list.c...
compiling stream_buffer.c...
compiling queue.c...
compiling tasks.c...
compiling stm32f1xx_hal_tim.c...
compiling timers.c...
compiling heap_4.c...
compiling port.c...
compiling stm32f1xx_hal_i2c.c...
compiling stm32f1xx_hal_exti.c...
compiling stm32f1xx_hal_flash_ex.c...
compiling stm32f1xx_hal_gpio.c...
compiling system_stm32f1xx.c...
compiling stm32f1xx_hal_cortex.c...
compiling stm32f1xx_hal_dma.c...
compiling stm32f1xx_hal_flash.c...
compiling app_debug.c...
compiling stm32f1xx_hal_spi.c...
compiling stm32f1xx_hal_pwr.c...
compiling stm32f1xx_hal_uart.c...
compiling task_key.c...
compiling app_task.c...
..\User\App\task_nrf24l01.h(18): warning:  #1-D: last line of file ends without a newline
  #endif
..\User\App\task_oled.h(9): warning:  #1-D: last line of file ends without a newline
  #endif
..\User\App\app_task.c(43): warning:  #223-D: function "OLED_Init" declared implicitly
      OLED_Init();
..\User\App\app_task.c(44): warning:  #223-D: function "driver_mpu6500_init" declared implicitly
      driver_mpu6500_init();
..\User\App\app_task.c(45): warning:  #223-D: function "driver_ble_init" declared implicitly
      driver_ble_init();
..\User\App\app_task.c(47): warning:  #223-D: function "driver_motor_init" declared implicitly
      driver_motor_init();
..\User\App\app_task.c(48): warning:  #223-D: function "driver_encoder_init" declared implicitly
      driver_encoder_init();
..\User\App\app_task.c: 7 warnings, 0 errors
compiling cmsis_os2.c...
compiling task_ble.c...
compiling driver_oled_font.c...
..\User\Driver\driver_oled_font.h(29): warning:  #1-D: last line of file ends without a newline
  #endif /* __DRIVER_OLED_FONT_H */
..\User\Driver\driver_oled_font.c: 1 warning, 0 errors
compiling task_mpu6500.c...
../User/Driver/driver_oled.h(381): warning:  #1-D: last line of file ends without a newline
  #endif /* __DRIVER_OLED_H */
..\User\App\task_mpu6500.c(10): warning:  #550-D: variable "start_tick"  was set but never used
      uint32_t start_tick, read_raw_end, calculate_end;
..\User\App\task_mpu6500.c(10): warning:  #550-D: variable "read_raw_end"  was set but never used
      uint32_t start_tick, read_raw_end, calculate_end;
..\User\App\task_mpu6500.c(10): warning:  #177-D: variable "calculate_end"  was declared but never referenced
      uint32_t start_tick, read_raw_end, calculate_end;
..\User\App\task_mpu6500.c: 4 warnings, 0 errors
compiling task_oled.c...
..\User\App\task_oled.h(9): warning:  #1-D: last line of file ends without a newline
  #endif
..\User\App\task_oled.c: 1 warning, 0 errors
compiling task_control.c...
../User/Driver/driver_oled.h(381): warning:  #1-D: last line of file ends without a newline
  #endif /* __DRIVER_OLED_H */
..\User\App\task_control.c(93): warning:  #177-D: variable "tick_start"  was declared but never referenced
      uint32_t tick_start,tick_end;
..\User\App\task_control.c(93): warning:  #177-D: variable "tick_end"  was declared but never referenced
      uint32_t tick_start,tick_end;
..\User\App\task_control.c: 3 warnings, 0 errors
compiling task_middleware_ble.c...
compiling task_led.c...
compiling driver_mpu6500.c...
compiling driver_nrf24l01.c...
..\User\Driver\driver_oled.h(381): warning:  #1-D: last line of file ends without a newline
  #endif /* __DRIVER_OLED_H */
..\User\Driver\driver_nrf24l01.c: 1 warning, 0 errors
compiling bsp_key.c...
..\User\Bsp\bsp_key.c(50): warning:  #177-D: function "event_enqueue"  was declared but never referenced
  static bool event_enqueue(KeyId_e id, KeyEventType_e event);
..\User\Bsp\bsp_key.c: 1 warning, 0 errors
compiling driver_encoder.c...
compiling task_nrf24l01.c...
..\User\App\task_nrf24l01.h(18): warning:  #1-D: last line of file ends without a newline
  #endif
../User/Driver/driver_oled.h(381): warning:  #1-D: last line of file ends without a newline
  #endif /* __DRIVER_OLED_H */
..\User\App\task_nrf24l01.c(22): warning:  #188-D: enumerated type mixed with another type
              task_nrf24l01_mode = driver_nrf24l01_rx_packet[0];
..\User\App\task_nrf24l01.c(14): warning:  #177-D: variable "task_nrf24l01_packet"  was declared but never referenced
  static uint8_t task_nrf24l01_packet;
..\User\App\task_nrf24l01.c: 4 warnings, 0 errors
compiling driver_motor.c...
compiling driver_ble.c...
compiling middleware_nrf24l01.c...
../User/App/task_nrf24l01.h(18): warning:  #1-D: last line of file ends without a newline
  #endif
..\User\Middleware\middleware_nrf24l01.c: 1 warning, 0 errors
compiling middleware_pid.c...
compiling middleware_ble.c...
compiling driver_oled.c...
..\User\Driver\driver_oled.h(381): warning:  #1-D: last line of file ends without a newline
  #endif /* __DRIVER_OLED_H */
..\User\Driver\driver_oled_font.h(29): warning:  #1-D: last line of file ends without a newline
  #endif /* __DRIVER_OLED_FONT_H */
..\User\Driver\driver_oled.c(420): warning:  #1-D: last line of file ends without a newline
  }
..\User\Driver\driver_oled.c: 3 warnings, 0 errors
linking...
Program Size: Code=39236 RO-data=2576 RW-data=432 ZI-data=12664  
FromELF: creating hex file...
"BalanceCar\BalanceCar.axf" - 0 Error(s), 26 Warning(s).

<h2>Software Packages used:</h2>

Package Vendor: ARM
                http://www.keil.com/pack/ARM.CMSIS.5.8.0.pack
                ARM.CMSIS.5.8.0
                CMSIS (Common Microcontroller Software Interface Standard)
   * Component: CORE Version: 5.5.0

Package Vendor: Keil
                http://www.keil.com/pack/Keil.STM32F1xx_DFP.2.3.0.pack
                Keil.STM32F1xx_DFP.2.3.0
                STMicroelectronics STM32F1 Series Device Support, Drivers and Examples

<h2>Collection of Component include folders:</h2>
  .\RTE\_BalanceCar
  C:\Users\sjb43\AppData\Local\Arm\Packs\ARM\CMSIS\5.8.0\CMSIS\Core\Include
  C:\Users\sjb43\AppData\Local\Arm\Packs\Keil\STM32F1xx_DFP\2.3.0\Device\Include

<h2>Collection of Component Files used:</h2>

   * Component: ARM::CMSIS:CORE:5.5.0
      Include file:  CMSIS\Core\Include\tz_context.h
Build Time Elapsed:  00:00:32
</pre>
</body>
</html>
